warning: method `context_generation` is never used
   --> /home/sam/Projetos/Narys/narys-domain/src/cognition/telemetry.rs:387:19
    |
228 | impl TelemetryStore {
    | ------------------- method in this implementation
...
387 |     pub(super) fn context_generation(&self, id: &str) -> Option<u64> {
    |                   ^^^^^^^^^^^^^^^^^^
    |
    = note: `#[warn(dead_code)]` (part of `#[warn(unused)]`) on by default

warning: `narys-domain` (lib) generated 1 warning
    Checking narys-core v0.1.0 (/home/sam/Projetos/Narys/narys-core)
warning: method `activate_yolo` is never used
   --> src/agent_authority/mod.rs:553:8
    |
294 | impl AuthorityService {
    | --------------------- method in this implementation
...
553 |     fn activate_yolo(
    |        ^^^^^^^^^^^^^
    |
    = note: `#[warn(dead_code)]` (part of `#[warn(unused)]`) on by default

warning: function `command` is never used
  --> src/agent_authority/sandbox.rs:12:15
   |
12 | pub(super) fn command(
   |               ^^^^^^^

warning: function `command_mode` is never used
  --> src/agent_authority/sandbox.rs:19:15
   |
19 | pub(super) fn command_mode(
   |               ^^^^^^^^^^^^

warning: `narys-core` (lib) generated 3 warnings
    Finished `dev` profile [unoptimized + debuginfo] target(s) in 3.99s
